
 /----------------------------------------------------------------------------\
 |  yosys -- Yosys Open SYnthesis Suite                                       |
 |  Copyright (C) 2012 - 2026  Claire Xenia Wolf <claire@yosyshq.com>         |
 |  Distributed under an ISC-like license, type "license" to see terms        |
 \----------------------------------------------------------------------------/
 Yosys 0.69+ (git sha1 150c32b03, Release, GNU /usr/bin/g++-11 11.4.0) [github.com/ananthv26-cog-demo-repos/yosys-example at main]

-- Executing script file `<out>/equiv_rtl_vs_graph.ys' --

1. Executing SLANG frontend.
Top level design units:
    counter8_en


Build succeeded: 0 errors, 0 warnings

1.1. Executing PROC_CLEAN pass (remove empty switches from decision trees).
Found and cleaned up 1 empty switch in `\counter8_en.$0'.
Cleaned up 1 empty switch.
<suppressed ~4 debug messages>

1.2. Executing PROC_RMDEAD pass (remove dead branches from decision trees).
Marked 2 switch rules as full_case in process $0 in module counter8_en.
Removed a total of 0 dead cases.

1.3. Executing PROC_PRUNE pass (remove redundant assignments in processes).
Removed 1 redundant assignment.
Promoted 0 assignments to connections.

1.4. Executing PROC_INIT pass (extract init attributes).

1.5. Executing PROC_ROM pass (convert switches to ROMs).
Converted 0 switches.
<suppressed ~3 debug messages>

1.6. Executing PROC_MUX pass (convert decision trees to multiplexers).
Creating decoders for process `\counter8_en.$0'.
     1/2: $count$2
     2/2: $count$3

1.7. Executing PROC_CLEAN pass (remove empty switches from decision trees).
Found and cleaned up 3 empty switches in `\counter8_en.$0'.
Removing empty process `counter8_en.$0'.
Cleaned up 3 empty switches.

1.8. Executing OPT_EXPR pass (perform const folding).
Optimizing module counter8_en.

2. Executing HIERARCHY pass (managing design hierarchy).

2.1. Analyzing design hierarchy..
Top module:  \counter8_en

2.2. Analyzing design hierarchy..
Top module:  \counter8_en
Removed 0 unused modules.

3. Executing PROC pass (convert processes to netlists).

3.1. Executing PROC_CLEAN pass (remove empty switches from decision trees).
Cleaned up 0 empty switches.

3.2. Executing PROC_RMDEAD pass (remove dead branches from decision trees).
Removed a total of 0 dead cases.

3.3. Executing PROC_PRUNE pass (remove redundant assignments in processes).
Removed 0 redundant assignments.
Promoted 0 assignments to connections.

3.4. Executing PROC_INIT pass (extract init attributes).

3.5. Executing PROC_ARST pass (detect async resets in processes).

3.6. Executing PROC_ROM pass (convert switches to ROMs).
Converted 0 switches.

3.7. Executing PROC_MUX pass (convert decision trees to multiplexers).

3.8. Executing PROC_DLATCH pass (convert process syncs to latches).

3.9. Executing PROC_DFF pass (convert process syncs to FFs).

3.10. Executing PROC_MEMWR pass (convert process memory writes to cells).

3.11. Executing PROC_CLEAN pass (remove empty switches from decision trees).
Cleaned up 0 empty switches.

3.12. Executing OPT_EXPR pass (perform const folding).
Optimizing module counter8_en.

4. Executing FLATTEN pass (flatten design).

5. Executing MEMORY_MAP pass (converting memories to logic and flip-flops).

6. Executing OPT_CLEAN pass (remove unused cells and wires).
Finding unused cells or wires in module \counter8_en..
Removed 0 unused cells and 5 unused wires.
<suppressed ~1 debug messages>

7. Executing ASYNC2SYNC pass.

8. Executing JSON frontend.
Importing module counter8_en from JSON tree.

9. Executing HIERARCHY pass (managing design hierarchy).

9.1. Analyzing design hierarchy..
Top module:  \counter8_en

9.2. Analyzing design hierarchy..
Top module:  \counter8_en
Removed 0 unused modules.

10. Executing ASYNC2SYNC pass.

11. Executing EQUIV_MAKE pass (creating equiv checking module).
Presumably equivalent wires: count_gold (\count_gold), count_gate (\count_gate) -> count
Presumably equivalent wires: en_gold (\en_gold), en_gate (\en_gate) -> en
Presumably equivalent wires: rst_gold (\rst_gold), rst_gate (\rst_gate) -> rst
Presumably equivalent wires: clk_gold (\clk_gold), clk_gate (\clk_gate) -> clk
Changing input A of cell $abc$266$blif$266$1_gate ($_AND_): \count_gate [1] -> \count [1]
Changing input A of cell $abc$266$blif$266$10_gate ($_NOR_): \count_gate [1] -> \count [1]
Changing input A of cell $abc$266$blif$266$13_gate ($_AND_): \count_gate [4] -> \count [4]
Changing input A of cell $abc$266$blif$266$14_gate ($_AND_): \count_gate [5] -> \count [5]
Changing input A of cell $abc$266$blif$266$15_gate ($_NOR_): \count_gate [5] -> \count [5]
Changing input B of cell $abc$266$blif$266$18_gate ($_NOR_): \count_gate [0] -> \count [0]
Changing input A of cell $abc$266$blif$266$2_gate ($_AND_): \count_gate [2] -> \count [2]
Changing input A of cell $abc$266$blif$266$21_gate ($_NOR_): \count_gate [4] -> \count [4]
Changing input A of cell $abc$266$blif$266$24_gate ($_NAND_): \count_gate [6] -> \count [6]
Changing input A of cell $abc$266$blif$266$25_gate ($_XOR_): \count_gate [7] -> \count [7]
Changing input A of cell $abc$266$blif$266$27_gate ($_NOR_): \count_gate [6] -> \count [6]
Changing input A of cell $abc$266$blif$266$3_gate ($_NOR_): \count_gate [2] -> \count [2]
Changing input A of cell $abc$266$blif$266$6_gate ($_AND_): \count_gate [3] -> \count [3]
Changing input A of cell $abc$266$blif$266$7_gate ($_NOR_): \count_gate [3] -> \count [3]
Changing input B of cell $abc$266$blif$266$0_gate ($_AND_): \count_gate [0] -> \count [0]
Changing input A of cell $procmux$1_gold ($mux): \count_gold -> \count
Changing input A of cell $1_gold ($add): \count_gold -> \count

12. Executing HIERARCHY pass (managing design hierarchy).

12.1. Analyzing design hierarchy..
Top module:  \equiv

12.2. Analyzing design hierarchy..
Top module:  \equiv
Removing unused module `\gate'.
Removing unused module `\gold'.
Removed 2 unused modules.

13. Executing EQUIV_SIMPLE pass.
Found 8 unproven $equiv cells (1 groups) in equiv:
 Grouping SAT models for \count:
  Trying to prove $equiv for \count [0]:ezsat
ezsat
 success!
  Trying to prove $equiv for \count [1]:ezsat
ezsat
 success!
  Trying to prove $equiv for \count [2]:ezsat
ezsat
 success!
  Trying to prove $equiv for \count [3]:ezsat
ezsat
 success!
  Trying to prove $equiv for \count [4]:ezsat
ezsat
 success!
  Trying to prove $equiv for \count [5]:ezsat
ezsat
 success!
  Trying to prove $equiv for \count [6]:ezsat
ezsat
 success!
  Trying to prove $equiv for \count [7]:ezsat
ezsat
 success!
Proved 8 previously unproven $equiv cells.

14. Executing EQUIV_INDUCT pass.
No selected unproven $equiv cells found in equiv.
Proved 0 previously unproven $equiv cells.

15. Executing EQUIV_STATUS pass.
Found 8 $equiv cells in equiv:
  Of those cells 8 are proven and 0 are unproven.
  Equivalence successfully proven!
