
 /----------------------------------------------------------------------------\
 |  yosys -- Yosys Open SYnthesis Suite                                       |
 |  Copyright (C) 2012 - 2026  Claire Xenia Wolf <claire@yosyshq.com>         |
 |  Distributed under an ISC-like license, type "license" to see terms        |
 \----------------------------------------------------------------------------/
 Yosys 0.69+ (git sha1 150c32b03, Release, GNU /usr/bin/g++-11 11.4.0) [github.com/ananthv26-cog-demo-repos/yosys-example at main]

-- Executing script file `<out>/word.ys' --

1. Executing SLANG frontend.
Top level design units:
    counter8_en


Build succeeded: 0 errors, 0 warnings

1.1. Executing PROC_CLEAN pass (remove empty switches from decision trees).
Found and cleaned up 1 empty switch in `\counter8_en.$0'.
Cleaned up 1 empty switch.
<suppressed ~4 debug messages>

1.2. Executing PROC_RMDEAD pass (remove dead branches from decision trees).
Marked 2 switch rules as full_case in process $0 in module counter8_en.
Removed a total of 0 dead cases.

1.3. Executing PROC_PRUNE pass (remove redundant assignments in processes).
Removed 1 redundant assignment.
Promoted 0 assignments to connections.

1.4. Executing PROC_INIT pass (extract init attributes).

1.5. Executing PROC_ROM pass (convert switches to ROMs).
Converted 0 switches.
<suppressed ~3 debug messages>

1.6. Executing PROC_MUX pass (convert decision trees to multiplexers).
Creating decoders for process `\counter8_en.$0'.
     1/2: $count$2
     2/2: $count$3

1.7. Executing PROC_CLEAN pass (remove empty switches from decision trees).
Found and cleaned up 3 empty switches in `\counter8_en.$0'.
Removing empty process `counter8_en.$0'.
Cleaned up 3 empty switches.

1.8. Executing OPT_EXPR pass (perform const folding).
Optimizing module counter8_en.

2. Executing HIERARCHY pass (managing design hierarchy).

2.1. Analyzing design hierarchy..
Top module:  \counter8_en

2.2. Analyzing design hierarchy..
Top module:  \counter8_en
Removed 0 unused modules.

3. Executing PROC pass (convert processes to netlists).

3.1. Executing PROC_CLEAN pass (remove empty switches from decision trees).
Cleaned up 0 empty switches.

3.2. Executing PROC_RMDEAD pass (remove dead branches from decision trees).
Removed a total of 0 dead cases.

3.3. Executing PROC_PRUNE pass (remove redundant assignments in processes).
Removed 0 redundant assignments.
Promoted 0 assignments to connections.

3.4. Executing PROC_INIT pass (extract init attributes).

3.5. Executing PROC_ARST pass (detect async resets in processes).

3.6. Executing PROC_ROM pass (convert switches to ROMs).
Converted 0 switches.

3.7. Executing PROC_MUX pass (convert decision trees to multiplexers).

3.8. Executing PROC_DLATCH pass (convert process syncs to latches).

3.9. Executing PROC_DFF pass (convert process syncs to FFs).

3.10. Executing PROC_MEMWR pass (convert process memory writes to cells).

3.11. Executing PROC_CLEAN pass (remove empty switches from decision trees).
Cleaned up 0 empty switches.

3.12. Executing OPT_EXPR pass (perform const folding).
Optimizing module counter8_en.

4. Executing FLATTEN pass (flatten design).

5. Executing OPT_CLEAN pass (remove unused cells and wires).
Finding unused cells or wires in module \counter8_en..
Removed 0 unused cells and 5 unused wires.
<suppressed ~1 debug messages>

6. Executing OPT_DFF pass (perform DFF optimizations).
Adding SRST signal on $driver$count ($dff) from module counter8_en (D = $count$2, Q = \count, rval = 8'00000000).
Adding EN signal on $auto$ff.cc:337:slice$10 ($sdff) from module counter8_en (D = $count$2, Q = \count).

7. Executing OPT_CLEAN pass (remove unused cells and wires).
Finding unused cells or wires in module \counter8_en..
Removed 1 unused cells and 1 unused wires.
<suppressed ~2 debug messages>

8. Executing JSON backend.
