
 /----------------------------------------------------------------------------\
 |  yosys -- Yosys Open SYnthesis Suite                                       |
 |  Copyright (C) 2012 - 2026  Claire Xenia Wolf <claire@yosyshq.com>         |
 |  Distributed under an ISC-like license, type "license" to see terms        |
 \----------------------------------------------------------------------------/
 Yosys 0.69+ (git sha1 150c32b03, Release, GNU /usr/bin/g++-11 11.4.0) [github.com/ananthv26-cog-demo-repos/yosys-example at main]

-- Executing script file `<out>/synth.ys' --

1. Executing SLANG frontend.
Top level design units:
    counter8_en


Build succeeded: 0 errors, 0 warnings

1.1. Executing PROC_CLEAN pass (remove empty switches from decision trees).
Found and cleaned up 1 empty switch in `\counter8_en.$0'.
Cleaned up 1 empty switch.
<suppressed ~4 debug messages>

1.2. Executing PROC_RMDEAD pass (remove dead branches from decision trees).
Marked 2 switch rules as full_case in process $0 in module counter8_en.
Removed a total of 0 dead cases.

1.3. Executing PROC_PRUNE pass (remove redundant assignments in processes).
Removed 1 redundant assignment.
Promoted 0 assignments to connections.

1.4. Executing PROC_INIT pass (extract init attributes).

1.5. Executing PROC_ROM pass (convert switches to ROMs).
Converted 0 switches.
<suppressed ~3 debug messages>

1.6. Executing PROC_MUX pass (convert decision trees to multiplexers).
Creating decoders for process `\counter8_en.$0'.
     1/2: $count$2
     2/2: $count$3

1.7. Executing PROC_CLEAN pass (remove empty switches from decision trees).
Found and cleaned up 3 empty switches in `\counter8_en.$0'.
Removing empty process `counter8_en.$0'.
Cleaned up 3 empty switches.

1.8. Executing OPT_EXPR pass (perform const folding).
Optimizing module counter8_en.

2. Executing HIERARCHY pass (managing design hierarchy).

2.1. Analyzing design hierarchy..
Top module:  \counter8_en

2.2. Analyzing design hierarchy..
Top module:  \counter8_en
Removed 0 unused modules.

3. Executing SYNTH pass.

3.1. Executing HIERARCHY pass (managing design hierarchy).

3.1.1. Analyzing design hierarchy..
Top module:  \counter8_en

3.1.2. Analyzing design hierarchy..
Top module:  \counter8_en
Removed 0 unused modules.

3.2. Executing PROC pass (convert processes to netlists).

3.2.1. Executing PROC_CLEAN pass (remove empty switches from decision trees).
Cleaned up 0 empty switches.

3.2.2. Executing PROC_RMDEAD pass (remove dead branches from decision trees).
Removed a total of 0 dead cases.

3.2.3. Executing PROC_PRUNE pass (remove redundant assignments in processes).
Removed 0 redundant assignments.
Promoted 0 assignments to connections.

3.2.4. Executing PROC_INIT pass (extract init attributes).

3.2.5. Executing PROC_ARST pass (detect async resets in processes).

3.2.6. Executing PROC_ROM pass (convert switches to ROMs).
Converted 0 switches.

3.2.7. Executing PROC_MUX pass (convert decision trees to multiplexers).

3.2.8. Executing PROC_DLATCH pass (convert process syncs to latches).

3.2.9. Executing PROC_DFF pass (convert process syncs to FFs).

3.2.10. Executing PROC_MEMWR pass (convert process memory writes to cells).

3.2.11. Executing PROC_CLEAN pass (remove empty switches from decision trees).
Cleaned up 0 empty switches.

3.2.12. Executing OPT_EXPR pass (perform const folding).
Optimizing module counter8_en.

3.3. Executing CHECK pass (checking for obvious problems).
Checking module counter8_en...
Found and reported 0 problems.

3.4. Executing FLATTEN pass (flatten design).

3.5. Executing OPT_EXPR pass (perform const folding).
Optimizing module counter8_en.

3.6. Executing CHECK pass (checking for obvious problems).
Checking module counter8_en...
Found and reported 0 problems.

3.7. Executing OPT_CLEAN pass (remove unused cells and wires).
Finding unused cells or wires in module \counter8_en..
Removed 0 unused cells and 5 unused wires.
<suppressed ~1 debug messages>

3.8. Executing OPT pass (performing simple optimizations).

3.8.1. Executing OPT_EXPR pass (perform const folding).
Optimizing module counter8_en.

3.8.2. Executing OPT_MERGE pass (detect identical cells).
Finding identical cells in module `\counter8_en'.
Computing hashes of 5 cells of `\counter8_en'.
Finding duplicate cells in `\counter8_en'.
Removed a total of 0 cells.

3.8.3. Executing OPT_MUXTREE pass (detect dead branches in mux trees).
Running muxtree optimizer on module \counter8_en..
  Creating internal representation of mux trees.
  Evaluating internal representation of mux trees.
  Analyzing evaluation results.
    dead port 1/2 on $mux $procmux$4.
Removed 1 multiplexer ports.
<suppressed ~4 debug messages>

3.8.4. Executing OPT_REDUCE pass (consolidate $*mux and $reduce_* inputs).
  Optimizing cells in module \counter8_en.
Performed a total of 0 changes.

3.8.5. Executing OPT_MERGE pass (detect identical cells).
Finding identical cells in module `\counter8_en'.
Computing hashes of 4 cells of `\counter8_en'.
Finding duplicate cells in `\counter8_en'.
Removed a total of 0 cells.

3.8.6. Executing OPT_DFF pass (perform DFF optimizations).

3.8.7. Executing OPT_CLEAN pass (remove unused cells and wires).
Finding unused cells or wires in module \counter8_en..
Removed 0 unused cells and 1 unused wires.
<suppressed ~1 debug messages>

3.8.8. Executing OPT_EXPR pass (perform const folding).
Optimizing module counter8_en.

3.8.9. Rerunning OPT passes. (Maybe there is more to do..)

3.8.10. Executing OPT_MUXTREE pass (detect dead branches in mux trees).
Running muxtree optimizer on module \counter8_en..
  Creating internal representation of mux trees.
  Evaluating internal representation of mux trees.
  Analyzing evaluation results.
Removed 0 multiplexer ports.
<suppressed ~3 debug messages>

3.8.11. Executing OPT_REDUCE pass (consolidate $*mux and $reduce_* inputs).
  Optimizing cells in module \counter8_en.
Performed a total of 0 changes.

3.8.12. Executing OPT_MERGE pass (detect identical cells).
Finding identical cells in module `\counter8_en'.
Computing hashes of 4 cells of `\counter8_en'.
Finding duplicate cells in `\counter8_en'.
Removed a total of 0 cells.

3.8.13. Executing OPT_DFF pass (perform DFF optimizations).

3.8.14. Executing OPT_CLEAN pass (remove unused cells and wires).
Finding unused cells or wires in module \counter8_en..

3.8.15. Executing OPT_EXPR pass (perform const folding).
Optimizing module counter8_en.

3.8.16. Finished fast OPT passes. (There is nothing left to do.)

3.9. Executing FSM pass (extract and optimize FSM).

3.9.1. Executing FSM_DETECT pass (finding FSMs in design).

3.9.2. Executing FSM_EXTRACT pass (extracting FSM from design).

3.9.3. Executing FSM_OPT pass (simple optimizations of FSMs).

3.9.4. Executing OPT_CLEAN pass (remove unused cells and wires).
Finding unused cells or wires in module \counter8_en..

3.9.5. Executing FSM_OPT pass (simple optimizations of FSMs).

3.9.6. Executing FSM_RECODE pass (re-assigning FSM state encoding).

3.9.7. Executing FSM_INFO pass (dumping all available information on FSM cells).

3.9.8. Executing FSM_MAP pass (mapping FSMs to basic logic).

3.10. Executing OPT pass (performing simple optimizations).

3.10.1. Executing OPT_EXPR pass (perform const folding).
Optimizing module counter8_en.

3.10.2. Executing OPT_MERGE pass (detect identical cells).
Finding identical cells in module `\counter8_en'.
Computing hashes of 4 cells of `\counter8_en'.
Finding duplicate cells in `\counter8_en'.
Removed a total of 0 cells.

3.10.3. Executing OPT_MUXTREE pass (detect dead branches in mux trees).
Running muxtree optimizer on module \counter8_en..
  Creating internal representation of mux trees.
  Evaluating internal representation of mux trees.
  Analyzing evaluation results.
Removed 0 multiplexer ports.
<suppressed ~3 debug messages>

3.10.4. Executing OPT_REDUCE pass (consolidate $*mux and $reduce_* inputs).
  Optimizing cells in module \counter8_en.
Performed a total of 0 changes.

3.10.5. Executing OPT_MERGE pass (detect identical cells).
Finding identical cells in module `\counter8_en'.
Computing hashes of 4 cells of `\counter8_en'.
Finding duplicate cells in `\counter8_en'.
Removed a total of 0 cells.

3.10.6. Executing OPT_DFF pass (perform DFF optimizations).
Adding SRST signal on $driver$count ($dff) from module counter8_en (D = $count$2, Q = \count, rval = 8'00000000).
Adding EN signal on $auto$ff.cc:337:slice$10 ($sdff) from module counter8_en (D = $1y, Q = \count).

3.10.7. Executing OPT_CLEAN pass (remove unused cells and wires).
Finding unused cells or wires in module \counter8_en..
Removed 2 unused cells and 2 unused wires.
<suppressed ~3 debug messages>

3.10.8. Executing OPT_EXPR pass (perform const folding).
Optimizing module counter8_en.

3.10.9. Rerunning OPT passes. (Maybe there is more to do..)

3.10.10. Executing OPT_MUXTREE pass (detect dead branches in mux trees).
Running muxtree optimizer on module \counter8_en..
  Creating internal representation of mux trees.
  No muxes found in this module.
Removed 0 multiplexer ports.

3.10.11. Executing OPT_REDUCE pass (consolidate $*mux and $reduce_* inputs).
  Optimizing cells in module \counter8_en.
Performed a total of 0 changes.

3.10.12. Executing OPT_MERGE pass (detect identical cells).
Finding identical cells in module `\counter8_en'.
Computing hashes of 2 cells of `\counter8_en'.
Finding duplicate cells in `\counter8_en'.
Removed a total of 0 cells.

3.10.13. Executing OPT_DFF pass (perform DFF optimizations).

3.10.14. Executing OPT_CLEAN pass (remove unused cells and wires).
Finding unused cells or wires in module \counter8_en..

3.10.15. Executing OPT_EXPR pass (perform const folding).
Optimizing module counter8_en.

3.10.16. Finished fast OPT passes. (There is nothing left to do.)

3.11. Executing WREDUCE pass (reducing word size of cells).
Removed top 7 bits (of 8) from port B of cell counter8_en.$1 ($add).

3.12. Executing PEEPOPT pass (run peephole optimizers).

3.13. Executing OPT_CLEAN pass (remove unused cells and wires).
Finding unused cells or wires in module \counter8_en..

3.14. Executing ALUMACC pass (create $alu and $macc cells).
Extracting $alu and $macc cells in module counter8_en:
  creating $macc model for $1 ($add).
  creating $alu model for $macc $1.
  creating $alu cell for $1: $auto$alumacc.cc:548:replace_alu$12
  created 1 $alu and 0 $macc cells.

3.15. Executing SHARE pass (SAT-based resource sharing).

3.16. Executing OPT pass (performing simple optimizations).

3.16.1. Executing OPT_EXPR pass (perform const folding).
Optimizing module counter8_en.

3.16.2. Executing OPT_MERGE pass (detect identical cells).
Finding identical cells in module `\counter8_en'.
Computing hashes of 2 cells of `\counter8_en'.
Finding duplicate cells in `\counter8_en'.
Removed a total of 0 cells.

3.16.3. Executing OPT_MUXTREE pass (detect dead branches in mux trees).
Running muxtree optimizer on module \counter8_en..
  Creating internal representation of mux trees.
  No muxes found in this module.
Removed 0 multiplexer ports.

3.16.4. Executing OPT_REDUCE pass (consolidate $*mux and $reduce_* inputs).
  Optimizing cells in module \counter8_en.
Performed a total of 0 changes.

3.16.5. Executing OPT_MERGE pass (detect identical cells).
Finding identical cells in module `\counter8_en'.
Computing hashes of 2 cells of `\counter8_en'.
Finding duplicate cells in `\counter8_en'.
Removed a total of 0 cells.

3.16.6. Executing OPT_DFF pass (perform DFF optimizations).

3.16.7. Executing OPT_CLEAN pass (remove unused cells and wires).
Finding unused cells or wires in module \counter8_en..

3.16.8. Executing OPT_EXPR pass (perform const folding).
Optimizing module counter8_en.

3.16.9. Finished fast OPT passes. (There is nothing left to do.)

3.17. Executing MEMORY pass.

3.17.1. Executing OPT_MEM pass (optimize memories).
Performed a total of 0 transformations.

3.17.2. Executing OPT_MEM_PRIORITY pass (removing unnecessary memory write priority relations).
Performed a total of 0 transformations.

3.17.3. Executing OPT_MEM_FEEDBACK pass (finding memory read-to-write feedback paths).

3.17.4. Executing MEMORY_BMUX2ROM pass (converting muxes to ROMs).

3.17.5. Executing MEMORY_DFF pass (merging $dff cells to $memrd).

3.17.6. Executing OPT_CLEAN pass (remove unused cells and wires).
Finding unused cells or wires in module \counter8_en..

3.17.7. Executing MEMORY_SHARE pass (consolidating $memrd/$memwr cells).

3.17.8. Executing OPT_MEM_WIDEN pass (optimize memories where all ports are wide).
Performed a total of 0 transformations.

3.17.9. Executing OPT_CLEAN pass (remove unused cells and wires).
Finding unused cells or wires in module \counter8_en..

3.17.10. Executing MEMORY_COLLECT pass (generating $mem cells).

3.18. Executing OPT_CLEAN pass (remove unused cells and wires).
Finding unused cells or wires in module \counter8_en..

3.19. Executing OPT pass (performing simple optimizations).

3.19.1. Executing OPT_EXPR pass (perform const folding).
Optimizing module counter8_en.

3.19.2. Executing OPT_MERGE pass (detect identical cells).
Finding identical cells in module `\counter8_en'.
Computing hashes of 2 cells of `\counter8_en'.
Finding duplicate cells in `\counter8_en'.
Removed a total of 0 cells.

3.19.3. Executing OPT_DFF pass (perform DFF optimizations).

3.19.4. Executing OPT_CLEAN pass (remove unused cells and wires).
Finding unused cells or wires in module \counter8_en..

3.19.5. Finished fast OPT passes.

3.20. Executing MEMORY_MAP pass (converting memories to logic and flip-flops).

3.21. Executing OPT pass (performing simple optimizations).

3.21.1. Executing OPT_EXPR pass (perform const folding).
Optimizing module counter8_en.

3.21.2. Executing OPT_MERGE pass (detect identical cells).
Finding identical cells in module `\counter8_en'.
Computing hashes of 2 cells of `\counter8_en'.
Finding duplicate cells in `\counter8_en'.
Removed a total of 0 cells.

3.21.3. Executing OPT_MUXTREE pass (detect dead branches in mux trees).
Running muxtree optimizer on module \counter8_en..
  Creating internal representation of mux trees.
  No muxes found in this module.
Removed 0 multiplexer ports.

3.21.4. Executing OPT_REDUCE pass (consolidate $*mux and $reduce_* inputs).
  Optimizing cells in module \counter8_en.
Performed a total of 0 changes.

3.21.5. Executing OPT_MERGE pass (detect identical cells).
Finding identical cells in module `\counter8_en'.
Computing hashes of 2 cells of `\counter8_en'.
Finding duplicate cells in `\counter8_en'.
Removed a total of 0 cells.

3.21.6. Executing OPT_SHARE pass.

3.21.7. Executing OPT_DFF pass (perform DFF optimizations).

3.21.8. Executing OPT_CLEAN pass (remove unused cells and wires).
Finding unused cells or wires in module \counter8_en..

3.21.9. Executing OPT_EXPR pass (perform const folding).
Optimizing module counter8_en.

3.21.10. Finished fast OPT passes. (There is nothing left to do.)

3.22. Executing TECHMAP pass (map to technology primitives).

3.22.1. Executing Verilog-2005 frontend: <repo>/build/share/techmap.v
Parsing Verilog input from `<repo>/build/share/techmap.v' to AST representation.
Generating RTLIL representation for module `\_90_simplemap_bool_ops'.
Generating RTLIL representation for module `\_90_simplemap_reduce_ops'.
Generating RTLIL representation for module `\_90_simplemap_logic_ops'.
Generating RTLIL representation for module `\_90_simplemap_compare_ops'.
Generating RTLIL representation for module `\_90_simplemap_various'.
Generating RTLIL representation for module `\_90_simplemap_registers'.
Generating RTLIL representation for module `\_90_shift_ops_shr_shl_sshl_sshr'.
Generating RTLIL representation for module `\_90_shift_shiftx'.
Generating RTLIL representation for module `\_90_fa'.
Generating RTLIL representation for module `\_90_lcu_brent_kung'.
Generating RTLIL representation for module `\_90_alu'.
Generating RTLIL representation for module `\_90_macc'.
Generating RTLIL representation for module `\_90_alumacc'.
Generating RTLIL representation for module `$__div_mod_u'.
Generating RTLIL representation for module `$__div_mod_trunc'.
Generating RTLIL representation for module `\_90_div'.
Generating RTLIL representation for module `\_90_mod'.
Generating RTLIL representation for module `$__div_mod_floor'.
Generating RTLIL representation for module `\_90_divfloor'.
Generating RTLIL representation for module `\_90_modfloor'.
Generating RTLIL representation for module `\_90_pow'.
Generating RTLIL representation for module `\_90_demux'.
Generating RTLIL representation for module `\_90_lut'.
Generating RTLIL representation for module `$connect'.
Generating RTLIL representation for module `$input_port'.
Successfully finished Verilog frontend.

3.22.2. Continuing TECHMAP pass.
Using template $paramod$c3cd1564c35d873179656addd6052d7ea8b6d991\_90_alu for cells of type $alu.
Using extmapper simplemap for cells of type $sdffe.
Using extmapper simplemap for cells of type $xor.
Using template $paramod\_90_fa\WIDTH=32'00000000000000000000000000001000 for cells of type $fa.
Using template $paramod\_90_lcu_brent_kung\WIDTH=32'00000000000000000000000000001000 for cells of type $lcu.
Using extmapper simplemap for cells of type $pos.
Using extmapper simplemap for cells of type $mux.
Using extmapper simplemap for cells of type $not.
Using extmapper simplemap for cells of type $or.
Using extmapper simplemap for cells of type $and.
No more expansions possible.
<suppressed ~239 debug messages>

3.23. Executing OPT pass (performing simple optimizations).

3.23.1. Executing OPT_EXPR pass (perform const folding).
Optimizing module counter8_en.
<suppressed ~67 debug messages>

3.23.2. Executing OPT_MERGE pass (detect identical cells).
Finding identical cells in module `\counter8_en'.
Computing hashes of 35 cells of `\counter8_en'.
Finding duplicate cells in `\counter8_en'.
Computing hashes of 34 cells of `\counter8_en'.
Finding duplicate cells in `\counter8_en'.
<suppressed ~3 debug messages>
Removed a total of 1 cells.

3.23.3. Executing OPT_DFF pass (perform DFF optimizations).

3.23.4. Executing OPT_CLEAN pass (remove unused cells and wires).
Finding unused cells or wires in module \counter8_en..
Removed 10 unused cells and 58 unused wires.
<suppressed ~11 debug messages>

3.23.5. Finished fast OPT passes.

3.24. Executing ABC pass (technology mapping using ABC).

3.24.1. Summary of detected clock domains:
  24 cells in clk=\clk, en=\en, arst={ }, srst=\rst

3.24.2. Extracting gate netlist of module `\counter8_en' to `<abc-temp-dir>/input.blif'..
Found matching posedge clock domain: \clk, enabled by \en, synchronously reset by \rst

3.24.2.1. Executed ABC.
Extracted 16 gates and 24 wires to a netlist network with 8 inputs and 8 outputs.
Running ABC script: <abc-temp-dir>/abc.script
ABC: UC Berkeley, ABC 1.01 (compiled Sep 17 2026 05:46:36)
ABC: abc 01> empty
ABC: abc 01> source <abc-temp-dir>/abc.script
ABC: + read_blif <abc-temp-dir>/input.blif
ABC: + read_library <abc-temp-dir>/stdcells.genlib
ABC: + strash
ABC: + &get -n
ABC: + &fraig -x
ABC: + &put
ABC: + scorr
ABC: Warning: The network is combinational (run "fraig" or "fraig_sweep").
ABC: + dc2
ABC: + dretime
ABC: + strash
ABC: + &get -n
ABC: + &dch -f
ABC: + &nf
ABC: + &put
ABC: + write_blif <abc-temp-dir>/output.blif
ABC:
ABC: YOSYS_ABC_DONE

3.24.2.2. Re-integrating ABC results.
ABC RESULTS:               AND cells:        5
ABC RESULTS:              NAND cells:        1
ABC RESULTS:               NOT cells:        1
ABC RESULTS:              XNOR cells:        1
ABC RESULTS:               XOR cells:        6
ABC RESULTS:        internal signals:        8
ABC RESULTS:           input signals:        8
ABC RESULTS:          output signals:        8
Removing temp directory.
Removing global temp directory.

3.25. Executing OPT pass (performing simple optimizations).

3.25.1. Executing OPT_EXPR pass (perform const folding).
Optimizing module counter8_en.

3.25.2. Executing OPT_MERGE pass (detect identical cells).
Finding identical cells in module `\counter8_en'.
Computing hashes of 22 cells of `\counter8_en'.
Finding duplicate cells in `\counter8_en'.
Removed a total of 0 cells.

3.25.3. Executing OPT_DFF pass (perform DFF optimizations).

3.25.4. Executing OPT_CLEAN pass (remove unused cells and wires).
Finding unused cells or wires in module \counter8_en..
Removed 0 unused cells and 19 unused wires.
<suppressed ~1 debug messages>

3.25.5. Finished fast OPT passes.

3.26. Executing HIERARCHY pass (managing design hierarchy).
Attribute `top' found on module `counter8_en'. Setting top module to counter8_en.

3.26.1. Analyzing design hierarchy..
Top module:  \counter8_en

3.26.2. Analyzing design hierarchy..
Top module:  \counter8_en
Removed 0 unused modules.

3.27. Printing statistics.

=== counter8_en ===

        +----------Local Count, excluding submodules.
        |
       12 wires
       33 wire bits
        4 public wires
       11 public wire bits
        4 ports
       11 port bits
       22 cells
        5   $_AND_
        1   $_NAND_
        1   $_NOT_
        8   $_SDFFE_PP0P_
        1   $_XNOR_
        6   $_XOR_

3.28. Executing CHECK pass (checking for obvious problems).
Checking module counter8_en...
Found and reported 0 problems.

4. Executing DFFLEGALIZE pass (convert FFs and LATCHes to types supported by the target).

5. Executing ABC pass (technology mapping using ABC).

5.1. Summary of detected clock domains:
  38 cells in clk=\clk, en={ }, arst={ }, srst={ }

5.2. Extracting gate netlist of module `\counter8_en' to `<abc-temp-dir>/input.blif'..
Found matching posedge clock domain: \clk

5.2.1. Executed ABC.
Extracted 30 gates and 41 wires to a netlist network with 10 inputs and 8 outputs.
Running ABC script: <abc-temp-dir>/abc.script
ABC: UC Berkeley, ABC 1.01 (compiled Sep 17 2026 05:46:36)
ABC: abc 01> empty
ABC: abc 01> source <abc-temp-dir>/abc.script
ABC: + read_blif <abc-temp-dir>/input.blif
ABC: + read_library <abc-temp-dir>/stdcells.genlib
ABC: + strash
ABC: + &get -n
ABC: + &fraig -x
ABC: + &put
ABC: + scorr
ABC: Warning: The network is combinational (run "fraig" or "fraig_sweep").
ABC: + dc2
ABC: + dretime
ABC: + strash
ABC: + &get -n
ABC: + &dch -f
ABC: + &nf
ABC: + &put
ABC: + write_blif <abc-temp-dir>/output.blif
ABC:
ABC: YOSYS_ABC_DONE

5.2.2. Re-integrating ABC results.
ABC RESULTS:               AND cells:        7
ABC RESULTS:              NAND cells:        1
ABC RESULTS:               NOR cells:       15
ABC RESULTS:                OR cells:        6
ABC RESULTS:               XOR cells:        1
ABC RESULTS:        internal signals:       23
ABC RESULTS:           input signals:       10
ABC RESULTS:          output signals:        8
Removing temp directory.
Removing global temp directory.

6. Executing OPT_CLEAN pass (remove unused cells and wires).
Finding unused cells or wires in module \counter8_en..
Removed 0 unused cells and 34 unused wires.
<suppressed ~1 debug messages>

7. Executing CHECK pass (checking for obvious problems).
Checking module counter8_en...
Found and reported 0 problems.

8. Executing JSON backend.

9. Executing DFFLIBMAP pass (mapping DFF/DLATCH cells to sequential cells from liberty file).
Found gzip magic in file `<repo>/tools/synth_area/lib/asap7/asap7sc7p5t_AO_RVT_TT_nldm_211120.lib.gz', decompressing using zlib.
Found gzip magic in file `<repo>/tools/synth_area/lib/asap7/asap7sc7p5t_INVBUF_RVT_TT_nldm_220122.lib.gz', decompressing using zlib.
Found gzip magic in file `<repo>/tools/synth_area/lib/asap7/asap7sc7p5t_OA_RVT_TT_nldm_211120.lib.gz', decompressing using zlib.
Found gzip magic in file `<repo>/tools/synth_area/lib/asap7/asap7sc7p5t_SEQ_RVT_TT_nldm_220123.lib.gz', decompressing using zlib.
Found gzip magic in file `<repo>/tools/synth_area/lib/asap7/asap7sc7p5t_SIMPLE_RVT_TT_nldm_211120.lib.gz', decompressing using zlib.
  cell DFFLQx4_ASAP7_75t_R (noninv, pins=3, area=0.36) is a direct match for cell type $_DFF_N_.
  cell DFFHQx4_ASAP7_75t_R (noninv, pins=3, area=0.36) is a direct match for cell type $_DFF_P_.
  cell DFFASRHQNx1_ASAP7_75t_R (inv, pins=5, area=0.38) is a direct match for cell type $_DFFSR_PNN_.
  cell DLLx1_ASAP7_75t_R (noninv, pins=3, area=0.22) is a direct match for cell type $_DLATCH_N_.
  cell DHLx1_ASAP7_75t_R (noninv, pins=3, area=0.22) is a direct match for cell type $_DLATCH_P_.
  final dff/dlatch cell mappings:
    \DFFLQx4_ASAP7_75t_R _DFF_N_ (.CLK( C), .D( D), .Q( Q));
    \DFFHQx4_ASAP7_75t_R _DFF_P_ (.CLK( C), .D( D), .Q( Q));
    unmapped dff/dlatch cell: $_DFF_NN0_
    unmapped dff/dlatch cell: $_DFF_NN1_
    unmapped dff/dlatch cell: $_DFF_NP0_
    unmapped dff/dlatch cell: $_DFF_NP1_
    unmapped dff/dlatch cell: $_DFF_PN0_
    unmapped dff/dlatch cell: $_DFF_PN1_
    unmapped dff/dlatch cell: $_DFF_PP0_
    unmapped dff/dlatch cell: $_DFF_PP1_
    unmapped dff/dlatch cell: $_DFFE_NN_
    unmapped dff/dlatch cell: $_DFFE_NP_
    unmapped dff/dlatch cell: $_DFFE_PN_
    unmapped dff/dlatch cell: $_DFFE_PP_
    unmapped dff/dlatch cell: $_DFFSR_NNN_
    unmapped dff/dlatch cell: $_DFFSR_NNP_
    unmapped dff/dlatch cell: $_DFFSR_NPN_
    unmapped dff/dlatch cell: $_DFFSR_NPP_
    \DFFASRHQNx1_ASAP7_75t_R _DFFSR_PNN_ (.CLK( C), .D( D), .QN(~Q), .RESETN( R), .SETN( S));
    unmapped dff/dlatch cell: $_DFFSR_PNP_
    unmapped dff/dlatch cell: $_DFFSR_PPN_
    unmapped dff/dlatch cell: $_DFFSR_PPP_
    \DLLx1_ASAP7_75t_R _DLATCH_N_ (.CLK( E), .D( D), .Q( Q));
    \DHLx1_ASAP7_75t_R _DLATCH_P_ (.CLK( E), .D( D), .Q( Q));
    unmapped dff/dlatch cell: $_DLATCH_NN0_
    unmapped dff/dlatch cell: $_DLATCH_NN1_
    unmapped dff/dlatch cell: $_DLATCH_NP0_
    unmapped dff/dlatch cell: $_DLATCH_NP1_
    unmapped dff/dlatch cell: $_DLATCH_PN0_
    unmapped dff/dlatch cell: $_DLATCH_PN1_
    unmapped dff/dlatch cell: $_DLATCH_PP0_
    unmapped dff/dlatch cell: $_DLATCH_PP1_
    unmapped dff/dlatch cell: $_DLATCHSR_NNN_
    unmapped dff/dlatch cell: $_DLATCHSR_NNP_
    unmapped dff/dlatch cell: $_DLATCHSR_NPN_
    unmapped dff/dlatch cell: $_DLATCHSR_NPP_
    unmapped dff/dlatch cell: $_DLATCHSR_PNN_
    unmapped dff/dlatch cell: $_DLATCHSR_PNP_
    unmapped dff/dlatch cell: $_DLATCHSR_PPN_
    unmapped dff/dlatch cell: $_DLATCHSR_PPP_

9.1. Executing DFFLEGALIZE pass (convert FFs and LATCHes to types supported by the target).
<suppressed ~8 debug messages>
Mapping DFF/DLATCH cells in module `\counter8_en':
  mapped 8 $_DFF_P_ cells to \DFFHQx4_ASAP7_75t_R cells.

10. Executing ABC pass (technology mapping using ABC).

10.1. Summary of detected clock domains:
  38 cells in clk={ }, en={ }, arst={ }, srst={ }

10.2. Extracting gate netlist of module `\counter8_en' to `<abc-temp-dir>/input.blif'..
ABC: using cached merged SCL: /tmp/yosys-liberty-scl-cache-1000/yosys_merged_04ff3f53.scl (5 files)
No matching clock domain found. Not extracting any FF cells.

10.2.1. Executed ABC.
Extracted 30 gates and 40 wires to a netlist network with 10 inputs and 8 outputs.
Running ABC script: <abc-temp-dir>/abc.script
ABC: UC Berkeley, ABC 1.01 (compiled Sep 17 2026 05:46:36)
ABC: abc 01> empty
ABC: abc 01> source <abc-temp-dir>/abc.script
ABC: + read_blif <abc-temp-dir>/input.blif
ABC: + read_scl /tmp/yosys-liberty-scl-cache-1000/yosys_merged_04ff3f53.scl
ABC: Warning: Detected 2 multi-output cells (for example, "FAx1_ASAP7_75t_R").
ABC: + strash
ABC: + &get -n
ABC: + &fraig -x
ABC: + &put
ABC: + scorr
ABC: Warning: The network is combinational (run "fraig" or "fraig_sweep").
ABC: + dc2
ABC: + dretime
ABC: + strash
ABC: + &get -n
ABC: + &dch -f
ABC: + &nf
ABC: + &put
ABC: + write_blif <abc-temp-dir>/output.blif
ABC:
ABC: YOSYS_ABC_DONE

10.2.2. Re-integrating ABC results.
ABC RESULTS:   A2O1A1Ixp33_ASAP7_75t_R cells:        1
ABC RESULTS:   AND3x1_ASAP7_75t_R cells:        2
ABC RESULTS:   AND4x1_ASAP7_75t_R cells:        2
ABC RESULTS:   AOI21xp33_ASAP7_75t_R cells:        5
ABC RESULTS:   AOI31xp33_ASAP7_75t_R cells:        2
ABC RESULTS:   INVx1_ASAP7_75t_R cells:        1
ABC RESULTS:   NOR2xp33_ASAP7_75t_R cells:        1
ABC RESULTS:   NOR3xp33_ASAP7_75t_R cells:        4
ABC RESULTS:   OAI21xp33_ASAP7_75t_R cells:        3
ABC RESULTS:        internal signals:       22
ABC RESULTS:           input signals:       10
ABC RESULTS:          output signals:        8
Removing temp directory.
Removing global temp directory.

11. Executing OPT_CLEAN pass (remove unused cells and wires).
Finding unused cells or wires in module \counter8_en..
Removed 0 unused cells and 40 unused wires.
<suppressed ~1 debug messages>
13. Executing JSON backend.

14. Executing Verilog backend.

14.1. Executing BMUXMAP pass.

14.2. Executing DEMUXMAP pass.
Dumping module `\counter8_en'.
